// Jest Snapshot v1, https://goo.gl/fbAQLP

exports[`connectFetcher()(Component) should render 1`] = `
<div>
  Component
</div>
`;
